$0000 : beepmode     : 1 bytes : D:\Мои проекты\Осциллографический пробник\osc32_D_Cube_1_3\osc8.alp
$0001 : lightrge     : 1 bytes : D:\Мои проекты\Осциллографический пробник\osc32_D_Cube_1_3\osc8.alp
$0002 : colramkaee   : 1 bytes : D:\Мои проекты\Осциллографический пробник\osc32_D_Cube_1_3\osc8.alp
$0003 : colmarkpee   : 1 bytes : D:\Мои проекты\Осциллографический пробник\osc32_D_Cube_1_3\osc8.alp
$0004 : colmarksee   : 1 bytes : D:\Мои проекты\Осциллографический пробник\osc32_D_Cube_1_3\osc8.alp
$0005 : strcoloree   : 1 bytes : D:\Мои проекты\Осциллографический пробник\osc32_D_Cube_1_3\osc8.alp
$0006 : dotcoloree   : 1 bytes : D:\Мои проекты\Осциллографический пробник\osc32_D_Cube_1_3\osc8.alp
$0007 : sightcoloree : 1 bytes : D:\Мои проекты\Осциллографический пробник\osc32_D_Cube_1_3\osc8.alp
$0008 : webcoloree   : 1 bytes : D:\Мои проекты\Осциллографический пробник\osc32_D_Cube_1_3\osc8.alp
$0009 : fonee        : 1 bytes : D:\Мои проекты\Осциллографический пробник\osc32_D_Cube_1_3\osc8.alp
$000A : ampcntee     : 1 bytes : D:\Мои проекты\Осциллографический пробник\osc32_D_Cube_1_3\osciloscope.alg
$000B : rzvcntee     : 1 bytes : D:\Мои проекты\Осциллографический пробник\osc32_D_Cube_1_3\osciloscope.alg
$000C : acrcntee     : 1 bytes : D:\Мои проекты\Осциллографический пробник\osc32_D_Cube_1_3\osciloscope.alg
$000D : sincmcntee   : 1 bytes : D:\Мои проекты\Осциллографический пробник\osc32_D_Cube_1_3\osciloscope.alg
$000E : sinccntee    : 1 bytes : D:\Мои проекты\Осциллографический пробник\osc32_D_Cube_1_3\osciloscope.alg
$000F : beamcntee    : 1 bytes : D:\Мои проекты\Осциллографический пробник\osc32_D_Cube_1_3\osciloscope.alg
$0010 : beamposcntee : 2 bytes : D:\Мои проекты\Осциллографический пробник\osc32_D_Cube_1_3\osciloscope.alg
$0012 : mass_color   : 2 bytes : D:\Мои проекты\Осциллографический пробник\osc32_D_Cube_1_3\osciloscope.alg
$0212 : avto_kYee    : 1 bytes : D:\Мои проекты\Осциллографический пробник\osc32_D_Cube_1_3\osciloscope.alg
$0213 : avto_kXee    : 1 bytes : D:\Мои проекты\Осциллографический пробник\osc32_D_Cube_1_3\osciloscope.alg
