$0060 : bcdbf           : 1 bytes : D:\Мои проекты\Осциллографический пробник\osc32_D_Cube_1_3\osc8.alp
$006A : columcont       : 1 bytes : D:\Мои проекты\Осциллографический пробник\osc32_D_Cube_1_3\osc8.alp
$006B : inpbf           : 1 bytes : D:\Мои проекты\Осциллографический пробник\osc32_D_Cube_1_3\osc8.alp
$006C : inport          : 1 bytes : D:\Мои проекты\Осциллографический пробник\osc32_D_Cube_1_3\osc8.alp
$006D : max             : 1 bytes : D:\Мои проекты\Осциллографический пробник\osc32_D_Cube_1_3\osc8.alp
$006E : min             : 1 bytes : D:\Мои проекты\Осциллографический пробник\osc32_D_Cube_1_3\osc8.alp
$006F : ocr2set         : 3 bytes : D:\Мои проекты\Осциллографический пробник\osc32_D_Cube_1_3\osc8.alp
$0072 : tmsetlight      : 3 bytes : D:\Мои проекты\Осциллографический пробник\osc32_D_Cube_1_3\osc8.alp
$0075 : tmsetoff        : 3 bytes : D:\Мои проекты\Осциллографический пробник\osc32_D_Cube_1_3\osc8.alp
$0078 : menucnt         : 1 bytes : D:\Мои проекты\Осциллографический пробник\osc32_D_Cube_1_3\osc8.alp
$0079 : beeprg          : 1 bytes : D:\Мои проекты\Осциллографический пробник\osc32_D_Cube_1_3\osc8.alp
$007A : lightrg         : 1 bytes : D:\Мои проекты\Осциллографический пробник\osc32_D_Cube_1_3\osc8.alp
$007B : colramka        : 1 bytes : D:\Мои проекты\Осциллографический пробник\osc32_D_Cube_1_3\osc8.alp
$007C : colmarkp        : 1 bytes : D:\Мои проекты\Осциллографический пробник\osc32_D_Cube_1_3\osc8.alp
$007D : colmarks        : 1 bytes : D:\Мои проекты\Осциллографический пробник\osc32_D_Cube_1_3\osc8.alp
$007E : strcolor        : 1 bytes : D:\Мои проекты\Осциллографический пробник\osc32_D_Cube_1_3\osc8.alp
$007F : dotcolor        : 1 bytes : D:\Мои проекты\Осциллографический пробник\osc32_D_Cube_1_3\osc8.alp
$0080 : sightcolor      : 1 bytes : D:\Мои проекты\Осциллографический пробник\osc32_D_Cube_1_3\osc8.alp
$0081 : webcolor        : 1 bytes : D:\Мои проекты\Осциллографический пробник\osc32_D_Cube_1_3\osc8.alp
$0082 : fone            : 1 bytes : D:\Мои проекты\Осциллографический пробник\osc32_D_Cube_1_3\osc8.alp
$0083 : setbf           : 2 bytes : D:\Мои проекты\Осциллографический пробник\osc32_D_Cube_1_3\osc8.alp
$0085 : sinc_up         : 1 bytes : D:\Мои проекты\Осциллографический пробник\osc32_D_Cube_1_3\osc8.alp
$0086 : sinc_dn         : 1 bytes : D:\Мои проекты\Осциллографический пробник\osc32_D_Cube_1_3\osc8.alp
$0087 : comp            : 1 bytes : D:\Мои проекты\Осциллографический пробник\osc32_D_Cube_1_3\osc8.alp
$0088 : but_uf          : 1 bytes : D:\Мои проекты\Осциллографический пробник\osc32_D_Cube_1_3\osc8.alp
$0089 : but_df          : 1 bytes : D:\Мои проекты\Осциллографический пробник\osc32_D_Cube_1_3\osc8.alp
$008A : but_rf          : 1 bytes : D:\Мои проекты\Осциллографический пробник\osc32_D_Cube_1_3\osc8.alp
$008B : but_lf          : 1 bytes : D:\Мои проекты\Осциллографический пробник\osc32_D_Cube_1_3\osc8.alp
$008C : but_mf          : 1 bytes : D:\Мои проекты\Осциллографический пробник\osc32_D_Cube_1_3\osc8.alp
$008D : but_udf         : 1 bytes : D:\Мои проекты\Осциллографический пробник\osc32_D_Cube_1_3\osc8.alp
$008E : sinlev          : 1 bytes : D:\Мои проекты\Осциллографический пробник\osc32_D_Cube_1_3\osc8.alp
$008F : sinc_ur         : 1 bytes : D:\Мои проекты\Осциллографический пробник\osc32_D_Cube_1_3\osc8.alp
$0090 : sinc_ur1        : 1 bytes : D:\Мои проекты\Осциллографический пробник\osc32_D_Cube_1_3\osc8.alp
$0091 : sinc_ur_1       : 1 bytes : D:\Мои проекты\Осциллографический пробник\osc32_D_Cube_1_3\osc8.alp
$0092 : sinc_ur2        : 1 bytes : D:\Мои проекты\Осциллографический пробник\osc32_D_Cube_1_3\osc8.alp
$0093 : sinc_ur_2       : 1 bytes : D:\Мои проекты\Осциллографический пробник\osc32_D_Cube_1_3\osc8.alp
$0094 : sincreset       : 1 bytes : D:\Мои проекты\Осциллографический пробник\osc32_D_Cube_1_3\osc8.alp
$0095 : clearfl         : 1 bytes : D:\Мои проекты\Осциллографический пробник\osc32_D_Cube_1_3\osc8.alp
$0096 : prezfl          : 1 bytes : D:\Мои проекты\Осциллографический пробник\osc32_D_Cube_1_3\osc8.alp
$0097 : grottprezfl     : 1 bytes : D:\Мои проекты\Осциллографический пробник\osc32_D_Cube_1_3\osc8.alp
$0098 : ubfr            : 1 bytes : D:\Мои проекты\Осциллографический пробник\osc32_D_Cube_1_3\osc8.alp
$0099 : slfl            : 1 bytes : D:\Мои проекты\Осциллографический пробник\osc32_D_Cube_1_3\osc8.alp
$009A : readok          : 1 bytes : D:\Мои проекты\Осциллографический пробник\osc32_D_Cube_1_3\osc8.alp
$009B : fone_16         : 2 bytes : D:\Мои проекты\Осциллографический пробник\osc32_D_Cube_1_3\osc8.alp
$009D : strcolor_16     : 2 bytes : D:\Мои проекты\Осциллографический пробник\osc32_D_Cube_1_3\osc8.alp
$009F : knopka          : 1 bytes : D:\Мои проекты\Осциллографический пробник\osc32_D_Cube_1_3\osc8.alp
$00A0 : t_avt           : 1 bytes : D:\Мои проекты\Осциллографический пробник\osc32_D_Cube_1_3\osc8.alp
$00A1 : avto_kY         : 1 bytes : D:\Мои проекты\Осциллографический пробник\osc32_D_Cube_1_3\osc8.alp
$00A2 : avto_kX         : 1 bytes : D:\Мои проекты\Осциллографический пробник\osc32_D_Cube_1_3\osc8.alp
$00A3 : avt             : 1 bytes : D:\Мои проекты\Осциллографический пробник\osc32_D_Cube_1_3\osc8.alp
$00A4 : obnovl          : 1 bytes : D:\Мои проекты\Осциллографический пробник\osc32_D_Cube_1_3\osc8.alp
$00A5 : u_max           : 1 bytes : D:\Мои проекты\Осциллографический пробник\osc32_D_Cube_1_3\osc8.alp
$00A6 : u_min           : 1 bytes : D:\Мои проекты\Осциллографический пробник\osc32_D_Cube_1_3\osc8.alp
$00A7 : srurvn          : 1 bytes : D:\Мои проекты\Осциллографический пробник\osc32_D_Cube_1_3\osc8.alp
$00A8 : gister          : 1 bytes : D:\Мои проекты\Осциллографический пробник\osc32_D_Cube_1_3\osc8.alp
$00A9 : up_urvn         : 1 bytes : D:\Мои проекты\Осциллографический пробник\osc32_D_Cube_1_3\osc8.alp
$00AA : dn_urvn         : 1 bytes : D:\Мои проекты\Осциллографический пробник\osc32_D_Cube_1_3\osc8.alp
$00AB : napr            : 1 bytes : D:\Мои проекты\Осциллографический пробник\osc32_D_Cube_1_3\osc8.alp
$00AC : period          : 1 bytes : D:\Мои проекты\Осциллографический пробник\osc32_D_Cube_1_3\osc8.alp
$00AD : pred            : 1 bytes : D:\Мои проекты\Осциллографический пробник\osc32_D_Cube_1_3\osc8.alp
$00AE : rastr           : 2 bytes : D:\Мои проекты\Осциллографический пробник\osc32_D_Cube_1_3\lcd_LS020.alg
$00B0 : fonedig         : 1 bytes : D:\Мои проекты\Осциллографический пробник\osc32_D_Cube_1_3\lcd_LS020.alg
$00B1 : poz             : 1 bytes : D:\Мои проекты\Осциллографический пробник\osc32_D_Cube_1_3\lcd_LS020.alg
$00B2 : fl1             : 1 bytes : D:\Мои проекты\Осциллографический пробник\osc32_D_Cube_1_3\lcd_LS020.alg
$00B3 : data            : 1 bytes : D:\Мои проекты\Осциллографический пробник\osc32_D_Cube_1_3\lcd_LS020.alg
$00B4 : symbol          : 1 bytes : D:\Мои проекты\Осциллографический пробник\osc32_D_Cube_1_3\lcd_LS020.alg
$00B5 : loop            : 1 bytes : D:\Мои проекты\Осциллографический пробник\osc32_D_Cube_1_3\lcd_LS020.alg
$00B6 : templl          : 1 bytes : D:\Мои проекты\Осциллографический пробник\osc32_D_Cube_1_3\lcd_LS020.alg
$00B7 : temphh          : 1 bytes : D:\Мои проекты\Осциллографический пробник\osc32_D_Cube_1_3\lcd_LS020.alg
$00B8 : templ           : 1 bytes : D:\Мои проекты\Осциллографический пробник\osc32_D_Cube_1_3\lcd_LS020.alg
$00B9 : spreg           : 2 bytes : D:\Мои проекты\Осциллографический пробник\osc32_D_Cube_1_3\lcd_LS020.alg
$00BB : delreg          : 2 bytes : D:\Мои проекты\Осциллографический пробник\osc32_D_Cube_1_3\lcd_LS020.alg
$00BD : rg              : 1 bytes : D:\Мои проекты\Осциллографический пробник\osc32_D_Cube_1_3\lcd_LS020.alg
$00BE : k               : 1 bytes : D:\Мои проекты\Осциллографический пробник\osc32_D_Cube_1_3\lcd_LS020.alg
$00BF : potparam        : 1 bytes : D:\Мои проекты\Осциллографический пробник\osc32_D_Cube_1_3\comutator.alg
$00C0 : razparam        : 2 bytes : D:\Мои проекты\Осциллографический пробник\osc32_D_Cube_1_3\memobf.alg
$00C2 : timercnt        : 2 bytes : D:\Мои проекты\Осциллографический пробник\osc32_D_Cube_1_3\memobf.alg
$00C4 : bufcnt          : 2 bytes : D:\Мои проекты\Осциллографический пробник\osc32_D_Cube_1_3\memobf.alg
$00C6 : oscbf           : 1 bytes : D:\Мои проекты\Осциллографический пробник\osc32_D_Cube_1_3\memobf.alg
$02E2 : scrrg           : 2 bytes : D:\Мои проекты\Осциллографический пробник\osc32_D_Cube_1_3\osciloscope.alg
$02E4 : shiftrg         : 2 bytes : D:\Мои проекты\Осциллографический пробник\osc32_D_Cube_1_3\osciloscope.alg
$02E6 : blshift         : 2 bytes : D:\Мои проекты\Осциллографический пробник\osc32_D_Cube_1_3\osciloscope.alg
$02E8 : srshift         : 2 bytes : D:\Мои проекты\Осциллографический пробник\osc32_D_Cube_1_3\osciloscope.alg
$02EA : linebf          : 1 bytes : D:\Мои проекты\Осциллографический пробник\osc32_D_Cube_1_3\osciloscope.alg
$052E : nextparam       : 1 bytes : D:\Мои проекты\Осциллографический пробник\osc32_D_Cube_1_3\osciloscope.alg
$052F : endmenu         : 1 bytes : D:\Мои проекты\Осциллографический пробник\osc32_D_Cube_1_3\osciloscope.alg
$0530 : offtime         : 2 bytes : D:\Мои проекты\Осциллографический пробник\osc32_D_Cube_1_3\osciloscope.alg
$0532 : ampcnt          : 1 bytes : D:\Мои проекты\Осциллографический пробник\osc32_D_Cube_1_3\osciloscope.alg
$0533 : rzvcnt          : 1 bytes : D:\Мои проекты\Осциллографический пробник\osc32_D_Cube_1_3\osciloscope.alg
$0534 : acrcnt          : 1 bytes : D:\Мои проекты\Осциллографический пробник\osc32_D_Cube_1_3\osciloscope.alg
$0535 : sincmcnt        : 1 bytes : D:\Мои проекты\Осциллографический пробник\osc32_D_Cube_1_3\osciloscope.alg
$0536 : sinccnt         : 1 bytes : D:\Мои проекты\Осциллографический пробник\osc32_D_Cube_1_3\osciloscope.alg
$0537 : beamcnt         : 1 bytes : D:\Мои проекты\Осциллографический пробник\osc32_D_Cube_1_3\osciloscope.alg
$0538 : beamposcnt      : 2 bytes : D:\Мои проекты\Осциллографический пробник\osc32_D_Cube_1_3\osciloscope.alg
$053A : b               : 1 bytes : D:\Мои проекты\Осциллографический пробник\osc32_D_Cube_1_3\osciloscope.alg
$053B : ampcnt_d        : 1 bytes : D:\Мои проекты\Осциллографический пробник\osc32_D_Cube_1_3\osciloscope.alg
$053C : rzvcnt_r        : 1 bytes : D:\Мои проекты\Осциллографический пробник\osc32_D_Cube_1_3\osciloscope.alg
$053D : amenucnt        : 1 bytes : D:\Мои проекты\Осциллографический пробник\osc32_D_Cube_1_3\startmenu.alg
$053E : amenucntl       : 1 bytes : D:\Мои проекты\Осциллографический пробник\osc32_D_Cube_1_3\startmenu.alg
$053F : bmenucnt        : 1 bytes : D:\Мои проекты\Осциллографический пробник\osc32_D_Cube_1_3\analiz.alg
$0540 : marks           : 2 bytes : D:\Мои проекты\Осциллографический пробник\osc32_D_Cube_1_3\analiz.alg
$0542 : markp           : 2 bytes : D:\Мои проекты\Осциллографический пробник\osc32_D_Cube_1_3\analiz.alg
$0544 : mulparr         : 3 bytes : D:\Мои проекты\Осциллографический пробник\osc32_D_Cube_1_3\analiz.alg
$0547 : mulpara         : 2 bytes : D:\Мои проекты\Осциллографический пробник\osc32_D_Cube_1_3\analiz.alg
$0549 : framepos        : 1 bytes : D:\Мои проекты\Осциллографический пробник\osc32_D_Cube_1_3\analiz.alg
$054A : Wattrg          : 3 bytes : D:\Мои проекты\Осциллографический пробник\osc32_D_Cube_1_3\arifm.alg
$054D : delim           : 4 bytes : D:\Мои проекты\Осциллографический пробник\osc32_D_Cube_1_3\arifm.alg
$0551 : rezult          : 4 bytes : D:\Мои проекты\Осциллографический пробник\osc32_D_Cube_1_3\arifm.alg
$0555 : vspom           : 4 bytes : D:\Мои проекты\Осциллографический пробник\osc32_D_Cube_1_3\arifm.alg
$0559 : delit           : 4 bytes : D:\Мои проекты\Осциллографический пробник\osc32_D_Cube_1_3\arifm.alg
$055D : chk             : 4 bytes : D:\Мои проекты\Осциллографический пробник\osc32_D_Cube_1_3\arifm.alg
$0561 : posd            : 1 bytes : D:\Мои проекты\Осциллографический пробник\osc32_D_Cube_1_3\arifm.alg
$0562 : posb            : 1 bytes : D:\Мои проекты\Осциллографический пробник\osc32_D_Cube_1_3\arifm.alg
$0563 : beeptime        : 3 bytes : D:\Мои проекты\Осциллографический пробник\osc32_D_Cube_1_3\beep.alg
$0566 : colorcnt        : 1 bytes : D:\Мои проекты\Осциллографический пробник\osc32_D_Cube_1_3\colorset.alg
$0567 : mcolorcnt       : 1 bytes : D:\Мои проекты\Осциллографический пробник\osc32_D_Cube_1_3\colorset.alg
$0568 : batinfo         : 2 bytes : D:\Мои проекты\Осциллографический пробник\osc32_D_Cube_1_3\chargemenu.alg
$056A : chcol           : 1 bytes : D:\Мои проекты\Осциллографический пробник\osc32_D_Cube_1_3\chargemenu.alg
$056B : porogbat        : 1 bytes : D:\Мои проекты\Осциллографический пробник\osc32_D_Cube_1_3\chargemenu.alg
$056C : a               : 1 bytes : D:\Мои проекты\Осциллографический пробник\osc32_D_Cube_1_3\chargemenu.alg
$056D : recv_index      : 2 bytes : D:\Мои проекты\Осциллографический пробник\osc32_D_Cube_1_3\comun.alg
$056F : _Byte           : 1 bytes : D:\Мои проекты\Осциллографический пробник\osc32_D_Cube_1_3\comun.alg
$0570 : RX_Buffer       : 1 bytes : D:\Мои проекты\Осциллографический пробник\osc32_D_Cube_1_3\comun.alg
$069C : set_font_buffer : 1 bytes : D:\Мои проекты\Осциллографический пробник\osc32_D_Cube_1_3\comun.alg
$06AB : set_font        : 1 bytes : D:\Мои проекты\Осциллографический пробник\osc32_D_Cube_1_3\comun.alg
$06AC : size_font       : 1 bytes : D:\Мои проекты\Осциллографический пробник\osc32_D_Cube_1_3\comun.alg
$06AD : start_rx        : 1 bytes : D:\Мои проекты\Осциллографический пробник\osc32_D_Cube_1_3\comun.alg
$06AE : nl_rx           : 1 bytes : D:\Мои проекты\Осциллографический пробник\osc32_D_Cube_1_3\comun.alg
$06AF : str_num         : 1 bytes : D:\Мои проекты\Осциллографический пробник\osc32_D_Cube_1_3\comun.alg
$06B0 : str_num_old     : 1 bytes : D:\Мои проекты\Осциллографический пробник\osc32_D_Cube_1_3\comun.alg
$06B1 : str_read        : 2 bytes : D:\Мои проекты\Осциллографический пробник\osc32_D_Cube_1_3\comun.alg
$06B3 : str_len         : 1 bytes : D:\Мои проекты\Осциллографический пробник\osc32_D_Cube_1_3\comun.alg
$06B4 : symbol_index    : 1 bytes : D:\Мои проекты\Осциллографический пробник\osc32_D_Cube_1_3\comun.alg
